Flow report for MKRVIDOR4000
Tue Sep  8 16:38:29 2026
Quartus Prime Version 25.1std.0 Build 1129 10/21/2025 SC Lite Edition


---------------------
; Table of Contents ;
---------------------
  1. Legal Notice
  2. Flow Summary
  3. Flow Settings
  4. Flow Non-Default Global Settings
  5. Flow Elapsed Time
  6. Flow OS Summary
  7. Flow Log
  8. Flow Messages
  9. Flow Suppressed Messages



----------------
; Legal Notice ;
----------------
Copyright (C) 2025  Altera Corporation. All rights reserved.
Your use of Altera Corporation's design tools, logic functions 
and other software and tools, and any partner logic 
functions, and any output files from any of the foregoing 
(including device programming or simulation files), and any 
associated documentation or information are expressly subject 
to the terms and conditions of the Altera Program License 
Subscription Agreement, the Altera Quartus Prime License Agreement,
the Altera IP License Agreement, or other applicable license
agreement, including, without limitation, that your use is for
the sole purpose of programming logic devices manufactured by
Altera and sold by Altera or its authorized distributors.  Please
refer to the Altera Software License Subscription Agreements 
on the Quartus Prime software download page.



+--------------------------------------------------------------------------------------+
; Flow Summary                                                                         ;
+------------------------------------+-------------------------------------------------+
; Flow Status                        ; Successful - Tue Sep  8 16:38:29 2026           ;
; Quartus Prime Version              ; 25.1std.0 Build 1129 10/21/2025 SC Lite Edition ;
; Revision Name                      ; MKRVIDOR4000                                    ;
; Top-level Entity Name              ; MKRVIDOR4000_top                                ;
; Family                             ; Cyclone 10 LP                                   ;
; Device                             ; 10CL016YU256C8G                                 ;
; Timing Models                      ; Final                                           ;
; Total logic elements               ; 2,765 / 15,408 ( 18 % )                         ;
;     Total combinational functions  ; 2,721 / 15,408 ( 18 % )                         ;
;     Dedicated logic registers      ; 375 / 15,408 ( 2 % )                            ;
; Total registers                    ; 375                                             ;
; Total pins                         ; 138 / 163 ( 85 % )                              ;
; Total virtual pins                 ; 0                                               ;
; Total memory bits                  ; 0 / 516,096 ( 0 % )                             ;
; Embedded Multiplier 9-bit elements ; 0 / 112 ( 0 % )                                 ;
; Total PLLs                         ; 1 / 4 ( 25 % )                                  ;
+------------------------------------+-------------------------------------------------+


+-----------------------------------------+
; Flow Settings                           ;
+-------------------+---------------------+
; Option            ; Setting             ;
+-------------------+---------------------+
; Start date & time ; 09/08/2026 16:35:54 ;
; Main task         ; Compilation         ;
; Revision Name     ; MKRVIDOR4000        ;
+-------------------+---------------------+


+-----------------------------------------------------------------------------------------------------------------------------------+
; Flow Non-Default Global Settings                                                                                                  ;
+--------------------------------------+----------------------------------------+---------------+------------------+----------------+
; Assignment Name                      ; Value                                  ; Default Value ; Entity Name      ; Section Id     ;
+--------------------------------------+----------------------------------------+---------------+------------------+----------------+
; COMPILER_SIGNATURE_ID                ; 2546689664475.178887815311396          ; --            ; --               ; --             ;
; EDA_DESIGN_INSTANCE_NAME             ; NA                                     ; --            ; --               ; eco_nn_top_Tb  ;
; EDA_GENERATE_FUNCTIONAL_NETLIST      ; On                                     ; --            ; --               ; eda_simulation ;
; EDA_NATIVELINK_SIMULATION_TEST_BENCH ; eco_nn_top_Tb                          ; --            ; --               ; eda_simulation ;
; EDA_OUTPUT_DATA_FORMAT               ; Verilog Hdl                            ; --            ; --               ; eda_simulation ;
; EDA_RUN_TOOL_AUTOMATICALLY           ; Off                                    ; --            ; --               ; eda_simulation ;
; EDA_SIMULATION_TOOL                  ; QuestaSim (Verilog)                    ; <None>        ; --               ; --             ;
; EDA_TEST_BENCH_ENABLE_STATUS         ; TEST_BENCH_MODE                        ; --            ; --               ; eda_simulation ;
; EDA_TEST_BENCH_FILE                  ; eco_nn_top_Tb .v                       ; --            ; --               ; eco_nn_top_Tb  ;
; EDA_TEST_BENCH_MODULE_NAME           ; eco_nn_top_Tb                          ; --            ; --               ; eco_nn_top_Tb  ;
; EDA_TEST_BENCH_NAME                  ; eco_nn_top_Tb                          ; --            ; --               ; eda_simulation ;
; EDA_TEST_BENCH_RUN_SIM_FOR           ; 200 ns                                 ; --            ; --               ; eco_nn_top_Tb  ;
; EDA_TIME_SCALE                       ; 1 ns                                   ; --            ; --               ; eda_simulation ;
; ENABLE_SIGNALTAP                     ; Off                                    ; --            ; --               ; --             ;
; FITTER_EFFORT                        ; Standard Fit                           ; Auto Fit      ; --               ; --             ;
; IGNORE_PARTITIONS                    ; On                                     ; Off           ; --               ; --             ;
; MAX_CORE_JUNCTION_TEMP               ; 85                                     ; --            ; --               ; --             ;
; MIN_CORE_JUNCTION_TEMP               ; 0                                      ; --            ; --               ; --             ;
; MUX_RESTRUCTURE                      ; Off                                    ; Auto          ; --               ; --             ;
; NUM_PARALLEL_PROCESSORS              ; All                                    ; --            ; --               ; --             ;
; OPTIMIZATION_MODE                    ; Aggressive Performance                 ; Balanced      ; --               ; --             ;
; OUTPUT_IO_TIMING_FAR_END_VMEAS       ; Half Signal Swing                      ; --            ; --               ; --             ;
; OUTPUT_IO_TIMING_FAR_END_VMEAS       ; Half Signal Swing                      ; --            ; --               ; --             ;
; OUTPUT_IO_TIMING_NEAR_END_VMEAS      ; Half Vccio                             ; --            ; --               ; --             ;
; OUTPUT_IO_TIMING_NEAR_END_VMEAS      ; Half Vccio                             ; --            ; --               ; --             ;
; PARTITION_COLOR                      ; -- (Not supported for targeted family) ; --            ; MKRVIDOR4000_top ; Top            ;
; PARTITION_FITTER_PRESERVATION_LEVEL  ; -- (Not supported for targeted family) ; --            ; MKRVIDOR4000_top ; Top            ;
; PARTITION_NETLIST_TYPE               ; -- (Not supported for targeted family) ; --            ; MKRVIDOR4000_top ; Top            ;
; PHYSICAL_SYNTHESIS_COMBO_LOGIC       ; On                                     ; Off           ; --               ; --             ;
; PHYSICAL_SYNTHESIS_REGISTER_RETIMING ; On                                     ; Off           ; --               ; --             ;
; PLACEMENT_EFFORT_MULTIPLIER          ; 4.0                                    ; 1.0           ; --               ; --             ;
; POWER_BOARD_THERMAL_MODEL            ; None (CONSERVATIVE)                    ; --            ; --               ; --             ;
; POWER_DEFAULT_INPUT_IO_TOGGLE_RATE   ; 100%                                   ; 12.5%         ; --               ; --             ;
; POWER_PRESET_COOLING_SOLUTION        ; 23 MM HEAT SINK WITH 200 LFPM AIRFLOW  ; --            ; --               ; --             ;
; PROJECT_OUTPUT_DIRECTORY             ; output_files                           ; --            ; --               ; --             ;
; ROUTER_TIMING_OPTIMIZATION_LEVEL     ; MAXIMUM                                ; Normal        ; --               ; --             ;
; TOP_LEVEL_ENTITY                     ; MKRVIDOR4000_top                       ; MKRVIDOR4000  ; --               ; --             ;
; VERILOG_INPUT_VERSION                ; SystemVerilog_2005                     ; Verilog_2001  ; --               ; --             ;
; VERILOG_SHOW_LMF_MAPPING_MESSAGES    ; Off                                    ; --            ; --               ; --             ;
+--------------------------------------+----------------------------------------+---------------+------------------+----------------+


+--------------------------------------------------------------------------------------------------------------------------+
; Flow Elapsed Time                                                                                                        ;
+----------------------+--------------+-------------------------+---------------------+------------------------------------+
; Module Name          ; Elapsed Time ; Average Processors Used ; Peak Virtual Memory ; Total CPU Time (on all processors) ;
+----------------------+--------------+-------------------------+---------------------+------------------------------------+
; Analysis & Synthesis ; 00:01:23     ; 1.0                     ; 4879 MB             ; 00:01:39                           ;
; Fitter               ; 00:00:35     ; 1.1                     ; 5272 MB             ; 00:00:40                           ;
; Assembler            ; 00:00:08     ; 1.0                     ; 4712 MB             ; 00:00:06                           ;
; Timing Analyzer      ; 00:00:05     ; 1.1                     ; 4795 MB             ; 00:00:05                           ;
; EDA Netlist Writer   ; 00:00:03     ; 1.0                     ; 4665 MB             ; 00:00:03                           ;
; Power Analyzer       ; 00:00:05     ; 1.0                     ; 4813 MB             ; 00:00:06                           ;
; Total                ; 00:02:19     ; --                      ; --                  ; 00:02:39                           ;
+----------------------+--------------+-------------------------+---------------------+------------------------------------+


+------------------------------------------------------------------------------------+
; Flow OS Summary                                                                    ;
+----------------------+------------------+------------+------------+----------------+
; Module Name          ; Machine Hostname ; OS Name    ; OS Version ; Processor type ;
+----------------------+------------------+------------+------------+----------------+
; Analysis & Synthesis ; DESKTOP-M780851  ; Windows 10 ; 10.0       ; x86_64         ;
; Fitter               ; DESKTOP-M780851  ; Windows 10 ; 10.0       ; x86_64         ;
; Assembler            ; DESKTOP-M780851  ; Windows 10 ; 10.0       ; x86_64         ;
; Timing Analyzer      ; DESKTOP-M780851  ; Windows 10 ; 10.0       ; x86_64         ;
; EDA Netlist Writer   ; DESKTOP-M780851  ; Windows 10 ; 10.0       ; x86_64         ;
; Power Analyzer       ; DESKTOP-M780851  ; Windows 10 ; 10.0       ; x86_64         ;
+----------------------+------------------+------------+------------+----------------+


------------
; Flow Log ;
------------
quartus_map --read_settings_files=on --write_settings_files=off MKRVIDOR4000 -c MKRVIDOR4000
quartus_fit --read_settings_files=off --write_settings_files=off MKRVIDOR4000 -c MKRVIDOR4000
quartus_asm --read_settings_files=off --write_settings_files=off MKRVIDOR4000 -c MKRVIDOR4000
quartus_sta MKRVIDOR4000 -c MKRVIDOR4000
quartus_eda --read_settings_files=off --write_settings_files=off MKRVIDOR4000 -c MKRVIDOR4000
quartus_pow MKRVIDOR4000 -c MKRVIDOR4000



