EDA Netlist Writer report for MKRVIDOR4000
Tue Sep  8 16:38:16 2026
Quartus Prime Version 25.1std.0 Build 1129 10/21/2025 SC Lite Edition


---------------------
; Table of Contents ;
---------------------
  1. Legal Notice
  2. EDA Netlist Writer Summary
  3. Simulation Settings
  4. Simulation Generated Files
  5. EDA Netlist Writer Messages



----------------
; Legal Notice ;
----------------
Copyright (C) 2025  Altera Corporation. All rights reserved.
Your use of Altera Corporation's design tools, logic functions 
and other software and tools, and any partner logic 
functions, and any output files from any of the foregoing 
(including device programming or simulation files), and any 
associated documentation or information are expressly subject 
to the terms and conditions of the Altera Program License 
Subscription Agreement, the Altera Quartus Prime License Agreement,
the Altera IP License Agreement, or other applicable license
agreement, including, without limitation, that your use is for
the sole purpose of programming logic devices manufactured by
Altera and sold by Altera or its authorized distributors.  Please
refer to the Altera Software License Subscription Agreements 
on the Quartus Prime software download page.



+-------------------------------------------------------------------+
; EDA Netlist Writer Summary                                        ;
+---------------------------+---------------------------------------+
; EDA Netlist Writer Status ; Successful - Tue Sep  8 16:38:16 2026 ;
; Revision Name             ; MKRVIDOR4000                          ;
; Top-level Entity Name     ; MKRVIDOR4000_top                      ;
; Family                    ; Cyclone 10 LP                         ;
; Simulation Files Creation ; Successful                            ;
+---------------------------+---------------------------------------+


+-------------------------------------------------------------------------------------------------------------------------+
; Simulation Settings                                                                                                     ;
+---------------------------------------------------------------------------------------------------+---------------------+
; Option                                                                                            ; Setting             ;
+---------------------------------------------------------------------------------------------------+---------------------+
; Tool Name                                                                                         ; QuestaSim (Verilog) ;
; Generate functional simulation netlist                                                            ; On                  ;
; Truncate long hierarchy paths                                                                     ; Off                 ;
; Map illegal HDL characters                                                                        ; Off                 ;
; Flatten buses into individual nodes                                                               ; Off                 ;
; Maintain hierarchy                                                                                ; Off                 ;
; Bring out device-wide set/reset signals as ports                                                  ; Off                 ;
; Enable glitch filtering                                                                           ; Off                 ;
; Do not write top level VHDL entity                                                                ; Off                 ;
; Disable detection of setup and hold time violations in the input registers of bi-directional pins ; Off                 ;
; Architecture name in VHDL output netlist                                                          ; structure           ;
; Generate third-party EDA tool command script for RTL functional simulation                        ; Off                 ;
; Generate third-party EDA tool command script for gate-level simulation                            ; Off                 ;
+---------------------------------------------------------------------------------------------------+---------------------+


+---------------------------------------------------------------------------------------------------------------------------------------------------+
; Simulation Generated Files                                                                                                                        ;
+---------------------------------------------------------------------------------------------------------------------------------------------------+
; Generated Files                                                                                                                                   ;
+---------------------------------------------------------------------------------------------------------------------------------------------------+
; C:/Users/PC/OneDrive/Escritorio/DEEPCEL/QuartusProject/ANeural_Network_power25_lowpower_light_q4_4_lowfreq_6mhz/simulation/questa/MKRVIDOR4000.vo ;
+---------------------------------------------------------------------------------------------------------------------------------------------------+


+-----------------------------+
; EDA Netlist Writer Messages ;
+-----------------------------+
Info: *******************************************************************
Info: Running Quartus Prime EDA Netlist Writer
    Info: Version 25.1std.0 Build 1129 10/21/2025 SC Lite Edition
    Info: Processing started: Tue Sep  8 16:38:13 2026
Info: Command: quartus_eda --read_settings_files=off --write_settings_files=off MKRVIDOR4000 -c MKRVIDOR4000
Warning (202000): An incorrect timescale is selected for the Verilog Output (.VO) file of this PLL design. It's required that the timescale should be 1 ps when simulating a PLL design in a third party EDA tool.
Info (204019): Generated file MKRVIDOR4000.vo in folder "C:/Users/PC/OneDrive/Escritorio/DEEPCEL/QuartusProject/ANeural_Network_power25_lowpower_light_q4_4_lowfreq_6mhz/simulation/questa/" for EDA simulation tool
Info: Quartus Prime EDA Netlist Writer was successful. 0 errors, 1 warning
    Info: Peak virtual memory: 4665 megabytes
    Info: Processing ended: Tue Sep  8 16:38:16 2026
    Info: Elapsed time: 00:00:03
    Info: Total CPU time (on all processors): 00:00:03


