TemperatureHistory_C:[27.51,27.49,27.49,27.47]
LightHistory_ADC:[737,672,715,739]
Temperature_C:27.47
Light_ADC:739
PredictionTemperature_C:24.61
PredictionLight_model:326
Humidity_pct:52.22

TemperatureHistory_C:[27.49,27.49,27.47,27.47]
LightHistory_ADC:[672,715,739,760]
Temperature_C:27.47
Light_ADC:760
PredictionTemperature_C:24.61
PredictionLight_model:380
Humidity_pct:52.58

TemperatureHistory_C:[27.49,27.47,27.47,27.49]
LightHistory_ADC:[715,739,760,886]
Temperature_C:27.49
Light_ADC:886
PredictionTemperature_C:24.61
PredictionLight_model:488
Humidity_pct:52.37

