Assembler report for MKRVIDOR4000
Sun Jun 07 10:13:06 2026
Quartus Prime Version 18.1.0 Build 625 09/12/2018 SJ Lite Edition


---------------------
; Table of Contents ;
---------------------
  1. Legal Notice
  2. Assembler Summary
  3. Assembler Settings
  4. Assembler Encrypted IP Cores Summary
  5. Assembler Generated Files
  6. Assembler Device Options: C:/Users/chani/Desktop/Tesi/a_Projet_progress/Temperature_LightQ4.4_ANN/template/projects/Neural_Network/output_files/MKRVIDOR4000.sof
  7. Assembler Device Options: C:/Users/chani/Desktop/Tesi/a_Projet_progress/Temperature_LightQ4.4_ANN/template/projects/Neural_Network/output_files/MKRVIDOR4000.jam
  8. Assembler Device Options: C:/Users/chani/Desktop/Tesi/a_Projet_progress/Temperature_LightQ4.4_ANN/template/projects/Neural_Network/output_files/MKRVIDOR4000.jbc
  9. Assembler Device Options: C:/Users/chani/Desktop/Tesi/a_Projet_progress/Temperature_LightQ4.4_ANN/template/projects/Neural_Network/output_files/MKRVIDOR4000.pof
 10. Assembler Device Options: C:/Users/chani/Desktop/Tesi/a_Projet_progress/Temperature_LightQ4.4_ANN/template/projects/Neural_Network/output_files/MKRVIDOR4000.ttf
 11. Assembler Device Options: C:/Users/chani/Desktop/Tesi/a_Projet_progress/Temperature_LightQ4.4_ANN/template/projects/Neural_Network/output_files/MKRVIDOR4000.rbf
 12. Assembler Messages



----------------
; Legal Notice ;
----------------
Copyright (C) 2018  Intel Corporation. All rights reserved.
Your use of Intel Corporation's design tools, logic functions 
and other software and tools, and its AMPP partner logic 
functions, and any output files from any of the foregoing 
(including device programming or simulation files), and any 
associated documentation or information are expressly subject 
to the terms and conditions of the Intel Program License 
Subscription Agreement, the Intel Quartus Prime License Agreement,
the Intel FPGA IP License Agreement, or other applicable license
agreement, including, without limitation, that your use is for
the sole purpose of programming logic devices manufactured by
Intel and sold by Intel or its authorized distributors.  Please
refer to the applicable agreement for further details.



+---------------------------------------------------------------+
; Assembler Summary                                             ;
+-----------------------+---------------------------------------+
; Assembler Status      ; Successful - Sun Jun 07 10:13:06 2026 ;
; Revision Name         ; MKRVIDOR4000                          ;
; Top-level Entity Name ; MKRVIDOR4000_top                      ;
; Family                ; Cyclone 10 LP                         ;
; Device                ; 10CL016YU256C8G                       ;
+-----------------------+---------------------------------------+


+----------------------------------+
; Assembler Settings               ;
+--------+---------+---------------+
; Option ; Setting ; Default Value ;
+--------+---------+---------------+


+------------------------------------------------+
; Assembler Encrypted IP Cores Summary           ;
+--------+------------------------+--------------+
; Vendor ; IP Core Name           ; License Type ;
+--------+------------------------+--------------+
; Altera ; Signal Tap (6AF7 BCE1) ; Licensed     ;
; Altera ; Signal Tap (6AF7 BCEC) ; Licensed     ;
+--------+------------------------+--------------+


+----------------------------------------------------------------------------------------------------------------------------------------+
; Assembler Generated Files                                                                                                              ;
+----------------------------------------------------------------------------------------------------------------------------------------+
; File Name                                                                                                                              ;
+----------------------------------------------------------------------------------------------------------------------------------------+
; C:/Users/chani/Desktop/Tesi/a_Projet_progress/Temperature_LightQ4.4_ANN/template/projects/Neural_Network/output_files/MKRVIDOR4000.sof ;
; C:/Users/chani/Desktop/Tesi/a_Projet_progress/Temperature_LightQ4.4_ANN/template/projects/Neural_Network/output_files/MKRVIDOR4000.jam ;
; C:/Users/chani/Desktop/Tesi/a_Projet_progress/Temperature_LightQ4.4_ANN/template/projects/Neural_Network/output_files/MKRVIDOR4000.jbc ;
; C:/Users/chani/Desktop/Tesi/a_Projet_progress/Temperature_LightQ4.4_ANN/template/projects/Neural_Network/output_files/MKRVIDOR4000.pof ;
; C:/Users/chani/Desktop/Tesi/a_Projet_progress/Temperature_LightQ4.4_ANN/template/projects/Neural_Network/output_files/MKRVIDOR4000.ttf ;
; C:/Users/chani/Desktop/Tesi/a_Projet_progress/Temperature_LightQ4.4_ANN/template/projects/Neural_Network/output_files/MKRVIDOR4000.rbf ;
+----------------------------------------------------------------------------------------------------------------------------------------+


+------------------------------------------------------------------------------------------------------------------------------------------------------------------+
; Assembler Device Options: C:/Users/chani/Desktop/Tesi/a_Projet_progress/Temperature_LightQ4.4_ANN/template/projects/Neural_Network/output_files/MKRVIDOR4000.sof ;
+----------------+-------------------------------------------------------------------------------------------------------------------------------------------------+
; Option         ; Setting                                                                                                                                         ;
+----------------+-------------------------------------------------------------------------------------------------------------------------------------------------+
; JTAG usercode  ; 0x00240A35                                                                                                                                      ;
; Checksum       ; 0x00240A35                                                                                                                                      ;
+----------------+-------------------------------------------------------------------------------------------------------------------------------------------------+


+------------------------------------------------------------------------------------------------------------------------------------------------------------------+
; Assembler Device Options: C:/Users/chani/Desktop/Tesi/a_Projet_progress/Temperature_LightQ4.4_ANN/template/projects/Neural_Network/output_files/MKRVIDOR4000.jam ;
+-------------------------+----------------------------------------------------------------------------------------------------------------------------------------+
; Option                  ; Setting                                                                                                                                ;
+-------------------------+----------------------------------------------------------------------------------------------------------------------------------------+
; JEDEC STAPL ASCII file  ;                                                                                                                                        ;
+-------------------------+----------------------------------------------------------------------------------------------------------------------------------------+


+------------------------------------------------------------------------------------------------------------------------------------------------------------------+
; Assembler Device Options: C:/Users/chani/Desktop/Tesi/a_Projet_progress/Temperature_LightQ4.4_ANN/template/projects/Neural_Network/output_files/MKRVIDOR4000.jbc ;
+-----------------------+------------------------------------------------------------------------------------------------------------------------------------------+
; Option                ; Setting                                                                                                                                  ;
+-----------------------+------------------------------------------------------------------------------------------------------------------------------------------+
; STAPL Byte Code file  ;                                                                                                                                          ;
+-----------------------+------------------------------------------------------------------------------------------------------------------------------------------+


+------------------------------------------------------------------------------------------------------------------------------------------------------------------+
; Assembler Device Options: C:/Users/chani/Desktop/Tesi/a_Projet_progress/Temperature_LightQ4.4_ANN/template/projects/Neural_Network/output_files/MKRVIDOR4000.pof ;
+--------------------+---------------------------------------------------------------------------------------------------------------------------------------------+
; Option             ; Setting                                                                                                                                     ;
+--------------------+---------------------------------------------------------------------------------------------------------------------------------------------+
; JTAG usercode      ; 0x00000000                                                                                                                                  ;
; Checksum           ; 0x1D9EE9BB                                                                                                                                  ;
; Compression Ratio  ; 2                                                                                                                                           ;
+--------------------+---------------------------------------------------------------------------------------------------------------------------------------------+


+------------------------------------------------------------------------------------------------------------------------------------------------------------------+
; Assembler Device Options: C:/Users/chani/Desktop/Tesi/a_Projet_progress/Temperature_LightQ4.4_ANN/template/projects/Neural_Network/output_files/MKRVIDOR4000.ttf ;
+--------------------+---------------------------------------------------------------------------------------------------------------------------------------------+
; Option             ; Setting                                                                                                                                     ;
+--------------------+---------------------------------------------------------------------------------------------------------------------------------------------+
; Tabular Text File  ;                                                                                                                                             ;
+--------------------+---------------------------------------------------------------------------------------------------------------------------------------------+


+------------------------------------------------------------------------------------------------------------------------------------------------------------------+
; Assembler Device Options: C:/Users/chani/Desktop/Tesi/a_Projet_progress/Temperature_LightQ4.4_ANN/template/projects/Neural_Network/output_files/MKRVIDOR4000.rbf ;
+---------------------+--------------------------------------------------------------------------------------------------------------------------------------------+
; Option              ; Setting                                                                                                                                    ;
+---------------------+--------------------------------------------------------------------------------------------------------------------------------------------+
; Raw Binary File     ;                                                                                                                                            ;
;  Compression Ratio  ; 2                                                                                                                                          ;
+---------------------+--------------------------------------------------------------------------------------------------------------------------------------------+


+--------------------+
; Assembler Messages ;
+--------------------+
Info: *******************************************************************
Info: Running Quartus Prime Assembler
    Info: Version 18.1.0 Build 625 09/12/2018 SJ Lite Edition
    Info: Processing started: Sun Jun 07 10:13:02 2026
Info: Command: quartus_asm --read_settings_files=off --write_settings_files=off MKRVIDOR4000 -c MKRVIDOR4000
Info (115031): Writing out detailed assembly data for power analysis
Info (115030): Assembler is generating device programming files
Info (210117): Created JAM or JBC file for the specified chain: 
Device 1 (10CL016YU256; C:/Users/chani/Desktop/Tesi/a_Projet_progress/Temperature_LightQ4.4_ANN/template/projects/Neural_Network/output_files/MKRVIDOR4000.sof)
Info (210117): Created JAM or JBC file for the specified chain: 
Device 1 (10CL016YU256; C:/Users/chani/Desktop/Tesi/a_Projet_progress/Temperature_LightQ4.4_ANN/template/projects/Neural_Network/output_files/MKRVIDOR4000.sof)
Info: Quartus Prime Assembler was successful. 0 errors, 0 warnings
    Info: Peak virtual memory: 4694 megabytes
    Info: Processing ended: Sun Jun 07 10:13:06 2026
    Info: Elapsed time: 00:00:04
    Info: Total CPU time (on all processors): 00:00:04


