Assembler report for MKRVIDOR4000
Wed Sep  9 11:57:49 2026
Quartus Prime Version 25.1std.0 Build 1129 10/21/2025 SC Lite Edition


---------------------
; Table of Contents ;
---------------------
  1. Legal Notice
  2. Assembler Summary
  3. Assembler Settings
  4. Parallel Compilation
  5. Assembler Encrypted IP Cores Summary
  6. Assembler Generated Files
  7. Assembler Device Options: C:/Users/PC/OneDrive/Escritorio/DEEPCEL/QuartusProject/ANeural_Network_power25_ultralowpower_light_q4_4_seq_1mhz/output_files/MKRVIDOR4000.sof
  8. Assembler Device Options: C:/Users/PC/OneDrive/Escritorio/DEEPCEL/QuartusProject/ANeural_Network_power25_ultralowpower_light_q4_4_seq_1mhz/output_files/MKRVIDOR4000.jam
  9. Assembler Device Options: C:/Users/PC/OneDrive/Escritorio/DEEPCEL/QuartusProject/ANeural_Network_power25_ultralowpower_light_q4_4_seq_1mhz/output_files/MKRVIDOR4000.jbc
 10. Assembler Device Options: C:/Users/PC/OneDrive/Escritorio/DEEPCEL/QuartusProject/ANeural_Network_power25_ultralowpower_light_q4_4_seq_1mhz/output_files/MKRVIDOR4000.pof
 11. Assembler Device Options: C:/Users/PC/OneDrive/Escritorio/DEEPCEL/QuartusProject/ANeural_Network_power25_ultralowpower_light_q4_4_seq_1mhz/output_files/MKRVIDOR4000.ttf
 12. Assembler Device Options: C:/Users/PC/OneDrive/Escritorio/DEEPCEL/QuartusProject/ANeural_Network_power25_ultralowpower_light_q4_4_seq_1mhz/output_files/MKRVIDOR4000.rbf
 13. Assembler Messages



----------------
; Legal Notice ;
----------------
Copyright (C) 2025  Altera Corporation. All rights reserved.
Your use of Altera Corporation's design tools, logic functions 
and other software and tools, and any partner logic 
functions, and any output files from any of the foregoing 
(including device programming or simulation files), and any 
associated documentation or information are expressly subject 
to the terms and conditions of the Altera Program License 
Subscription Agreement, the Altera Quartus Prime License Agreement,
the Altera IP License Agreement, or other applicable license
agreement, including, without limitation, that your use is for
the sole purpose of programming logic devices manufactured by
Altera and sold by Altera or its authorized distributors.  Please
refer to the Altera Software License Subscription Agreements 
on the Quartus Prime software download page.



+---------------------------------------------------------------+
; Assembler Summary                                             ;
+-----------------------+---------------------------------------+
; Assembler Status      ; Successful - Wed Sep  9 11:57:49 2026 ;
; Revision Name         ; MKRVIDOR4000                          ;
; Top-level Entity Name ; MKRVIDOR4000_top                      ;
; Family                ; Cyclone 10 LP                         ;
; Device                ; 10CL016YU256C8G                       ;
+-----------------------+---------------------------------------+


+---------------------------------------------------------------------------------------------------------------+
; Assembler Settings                                                                                            ;
+-----------------------------------------------------------------------------+----------------+----------------+
; Option                                                                      ; Setting        ; Default Value  ;
+-----------------------------------------------------------------------------+----------------+----------------+
; Maximum processors allowed for parallel compilation                         ; All            ;                ;
; Use smart compilation                                                       ; Off            ; Off            ;
; Enable parallel Assembler and Timing Analyzer during compilation            ; On             ; On             ;
; Enable compact report table                                                 ; Off            ; Off            ;
; Use configuration device                                                    ; On             ; Off            ;
; Configuration device                                                        ; Epcs16         ; Auto           ;
; Generate Tabular Text File (.ttf) For Target Device                         ; On             ; Off            ;
; Generate Raw Binary File (.rbf) For Target Device                           ; On             ; Off            ;
; Generate a JEDEC STAPL Format File (.jam) for Target Device                 ; On             ; Off            ;
; Generate a compressed Jam STAPL Byte Code 2.0 File (.jbc) for Target Device ; On             ; Off            ;
; Generate compressed bitstreams                                              ; On             ; On             ;
; Compression mode                                                            ; Off            ; Off            ;
; Clock source for configuration device                                       ; Internal       ; Internal       ;
; Clock frequency of the configuration device                                 ; 10 MHZ         ; 10 MHz         ;
; Divide clock frequency by                                                   ; 1              ; 1              ;
; Auto user code                                                              ; On             ; On             ;
; Voltage output format                                                       ; Auto discovery ; Auto discovery ;
; Configuration device auto user code                                         ; Off            ; Off            ;
; Generate Hexadecimal (Intel-Format) Output File (.hexout) for Target Device ; Off            ; Off            ;
; Hexadecimal Output File start address                                       ; 0              ; 0              ;
; Hexadecimal Output File count direction                                     ; Up             ; Up             ;
; Release clears before tri-states                                            ; Off            ; Off            ;
; Auto-restart configuration after error                                      ; On             ; On             ;
; Enable OCT_DONE                                                             ; Off            ; Off            ;
; Generate Serial Vector Format File (.svf) for Target Device                 ; Off            ; Off            ;
; Generate a compressed Jam STAPL Byte Code 2.0 File (.jbc) for Target Device ; On             ; On             ;
+-----------------------------------------------------------------------------+----------------+----------------+


+------------------------------------------+
; Parallel Compilation                     ;
+----------------------------+-------------+
; Processors                 ; Number      ;
+----------------------------+-------------+
; Number detected on machine ; 4           ;
; Maximum allowed            ; 2           ;
;                            ;             ;
; Average used               ; 1.00        ;
; Maximum used               ; 2           ;
;                            ;             ;
; Usage by Processor         ; % Time Used ;
;     Processor 1            ; 100.0%      ;
;     Processor 2            ;   0.2%      ;
+----------------------------+-------------+


+------------------------------------------------+
; Assembler Encrypted IP Cores Summary           ;
+--------+------------------------+--------------+
; Vendor ; IP Core Name           ; License Type ;
+--------+------------------------+--------------+
; Altera ; Signal Tap (6AF7 BCE1) ; Licensed     ;
; Altera ; Signal Tap (6AF7 BCEC) ; Licensed     ;
+--------+------------------------+--------------+


+------------------------------------------------------------------------------------------------------------------------------------------------+
; Assembler Generated Files                                                                                                                      ;
+------------------------------------------------------------------------------------------------------------------------------------------------+
; File Name                                                                                                                                      ;
+------------------------------------------------------------------------------------------------------------------------------------------------+
; C:/Users/PC/OneDrive/Escritorio/DEEPCEL/QuartusProject/ANeural_Network_power25_ultralowpower_light_q4_4_seq_1mhz/output_files/MKRVIDOR4000.sof ;
; C:/Users/PC/OneDrive/Escritorio/DEEPCEL/QuartusProject/ANeural_Network_power25_ultralowpower_light_q4_4_seq_1mhz/output_files/MKRVIDOR4000.jam ;
; C:/Users/PC/OneDrive/Escritorio/DEEPCEL/QuartusProject/ANeural_Network_power25_ultralowpower_light_q4_4_seq_1mhz/output_files/MKRVIDOR4000.jbc ;
; C:/Users/PC/OneDrive/Escritorio/DEEPCEL/QuartusProject/ANeural_Network_power25_ultralowpower_light_q4_4_seq_1mhz/output_files/MKRVIDOR4000.pof ;
; C:/Users/PC/OneDrive/Escritorio/DEEPCEL/QuartusProject/ANeural_Network_power25_ultralowpower_light_q4_4_seq_1mhz/output_files/MKRVIDOR4000.ttf ;
; C:/Users/PC/OneDrive/Escritorio/DEEPCEL/QuartusProject/ANeural_Network_power25_ultralowpower_light_q4_4_seq_1mhz/output_files/MKRVIDOR4000.rbf ;
+------------------------------------------------------------------------------------------------------------------------------------------------+


+--------------------------------------------------------------------------------------------------------------------------------------------------------------------------+
; Assembler Device Options: C:/Users/PC/OneDrive/Escritorio/DEEPCEL/QuartusProject/ANeural_Network_power25_ultralowpower_light_q4_4_seq_1mhz/output_files/MKRVIDOR4000.sof ;
+----------------+---------------------------------------------------------------------------------------------------------------------------------------------------------+
; Option         ; Setting                                                                                                                                                 ;
+----------------+---------------------------------------------------------------------------------------------------------------------------------------------------------+
; JTAG usercode  ; 0x00145E01                                                                                                                                              ;
; Checksum       ; 0x00145E01                                                                                                                                              ;
+----------------+---------------------------------------------------------------------------------------------------------------------------------------------------------+


+--------------------------------------------------------------------------------------------------------------------------------------------------------------------------+
; Assembler Device Options: C:/Users/PC/OneDrive/Escritorio/DEEPCEL/QuartusProject/ANeural_Network_power25_ultralowpower_light_q4_4_seq_1mhz/output_files/MKRVIDOR4000.jam ;
+-------------------------+------------------------------------------------------------------------------------------------------------------------------------------------+
; Option                  ; Setting                                                                                                                                        ;
+-------------------------+------------------------------------------------------------------------------------------------------------------------------------------------+
; JEDEC STAPL ASCII file  ;                                                                                                                                                ;
+-------------------------+------------------------------------------------------------------------------------------------------------------------------------------------+


+--------------------------------------------------------------------------------------------------------------------------------------------------------------------------+
; Assembler Device Options: C:/Users/PC/OneDrive/Escritorio/DEEPCEL/QuartusProject/ANeural_Network_power25_ultralowpower_light_q4_4_seq_1mhz/output_files/MKRVIDOR4000.jbc ;
+-----------------------+--------------------------------------------------------------------------------------------------------------------------------------------------+
; Option                ; Setting                                                                                                                                          ;
+-----------------------+--------------------------------------------------------------------------------------------------------------------------------------------------+
; STAPL Byte Code file  ;                                                                                                                                                  ;
+-----------------------+--------------------------------------------------------------------------------------------------------------------------------------------------+


+--------------------------------------------------------------------------------------------------------------------------------------------------------------------------+
; Assembler Device Options: C:/Users/PC/OneDrive/Escritorio/DEEPCEL/QuartusProject/ANeural_Network_power25_ultralowpower_light_q4_4_seq_1mhz/output_files/MKRVIDOR4000.pof ;
+--------------------+-----------------------------------------------------------------------------------------------------------------------------------------------------+
; Option             ; Setting                                                                                                                                             ;
+--------------------+-----------------------------------------------------------------------------------------------------------------------------------------------------+
; JTAG usercode      ; 0x00000000                                                                                                                                          ;
; Checksum           ; 0x1DBBC26D                                                                                                                                          ;
; Compression Ratio  ; 3                                                                                                                                                   ;
+--------------------+-----------------------------------------------------------------------------------------------------------------------------------------------------+


+--------------------------------------------------------------------------------------------------------------------------------------------------------------------------+
; Assembler Device Options: C:/Users/PC/OneDrive/Escritorio/DEEPCEL/QuartusProject/ANeural_Network_power25_ultralowpower_light_q4_4_seq_1mhz/output_files/MKRVIDOR4000.ttf ;
+--------------------+-----------------------------------------------------------------------------------------------------------------------------------------------------+
; Option             ; Setting                                                                                                                                             ;
+--------------------+-----------------------------------------------------------------------------------------------------------------------------------------------------+
; Tabular Text File  ;                                                                                                                                                     ;
+--------------------+-----------------------------------------------------------------------------------------------------------------------------------------------------+


+--------------------------------------------------------------------------------------------------------------------------------------------------------------------------+
; Assembler Device Options: C:/Users/PC/OneDrive/Escritorio/DEEPCEL/QuartusProject/ANeural_Network_power25_ultralowpower_light_q4_4_seq_1mhz/output_files/MKRVIDOR4000.rbf ;
+---------------------+----------------------------------------------------------------------------------------------------------------------------------------------------+
; Option              ; Setting                                                                                                                                            ;
+---------------------+----------------------------------------------------------------------------------------------------------------------------------------------------+
; Raw Binary File     ;                                                                                                                                                    ;
;  Compression Ratio  ; 3                                                                                                                                                  ;
+---------------------+----------------------------------------------------------------------------------------------------------------------------------------------------+


+--------------------+
; Assembler Messages ;
+--------------------+
Info: *******************************************************************
Info: Running Quartus Prime Assembler
    Info: Version 25.1std.0 Build 1129 10/21/2025 SC Lite Edition
    Info: Processing started: Wed Sep  9 11:57:43 2026
Info: Command: quartus_asm --read_settings_files=off --write_settings_files=off MKRVIDOR4000 -c MKRVIDOR4000
Info (332164): Evaluating HDL-embedded SDC commands
    Info (332165): Entity sld_hub
        Info (332166): create_clock -name altera_reserved_tck [get_ports {altera_reserved_tck}] -period 10MHz   
        Info (332166): set_clock_groups -asynchronous -group {altera_reserved_tck}
Info (332104): Reading SDC File: 'MKRVIDOR4000.sdc'
Warning (332043): Overwriting existing clock: altera_reserved_tck
Info (332110): Deriving PLL clocks
    Info (332110): create_generated_clock -source {PLL_inst|altpll_component|pll1|inclk[0]} -divide_by 48 -duty_cycle 50.00 -name {PLL_inst|altpll_component|pll1|clk[0]} {PLL_inst|altpll_component|pll1|clk[0]}
    Info (332110): create_generated_clock -source {PLL_inst|altpll_component|pll1|inclk[0]} -divide_by 2 -multiply_by 5 -duty_cycle 50.00 -name {PLL_inst|altpll_component|pll1|clk[1]} {PLL_inst|altpll_component|pll1|clk[1]}
Info (332151): Clock uncertainty is not calculated until you update the timing netlist.
Warning (332060): Node: jtag_interface:interfacejtag|jtag_synchronizer:jtag_sync|synchronizer_basic:inst6|sync2 was determined to be a clock but was found without an associated clock assignment.
    Info (13166): Register jtag_interface:interfacejtag|jtag_memory:memory|workReg[0] is being clocked by jtag_interface:interfacejtag|jtag_synchronizer:jtag_sync|synchronizer_basic:inst6|sync2
Info (332123): Deriving Clock Uncertainty. Please refer to report_sdc in the Timing Analyzer to see clock uncertainties.
Info (332129): Detected timing requirements -- optimizing circuit to achieve only the specified requirements
Info (332111): Found 4 clocks
    Info (332111):   Period   Clock Name
    Info (332111): ======== ============
    Info (332111):   83.333 altera_reserved_tck
    Info (332111):   20.833         iCLK
    Info (332111):  999.984 PLL_inst|altpll_component|pll1|clk[0]
    Info (332111):    8.333 PLL_inst|altpll_component|pll1|clk[1]
Info (223000): Starting Vectorless Power Activity Estimation
Info (223001): Completed Vectorless Power Activity Estimation
Info (115031): Writing out detailed assembly data for power analysis
Info (115030): Assembler is generating device programming files
Info (210117): Created JAM or JBC file for the specified chain: 
Device 1 (10CL016YU256; C:/Users/PC/OneDrive/Escritorio/DEEPCEL/QuartusProject/ANeural_Network_power25_ultralowpower_light_q4_4_seq_1mhz/output_files/MKRVIDOR4000.sof)
Info (210117): Created JAM or JBC file for the specified chain: 
Device 1 (10CL016YU256; C:/Users/PC/OneDrive/Escritorio/DEEPCEL/QuartusProject/ANeural_Network_power25_ultralowpower_light_q4_4_seq_1mhz/output_files/MKRVIDOR4000.sof)
Info: Quartus Prime Assembler was successful. 0 errors, 2 warnings
    Info: Peak virtual memory: 4742 megabytes
    Info: Processing ended: Wed Sep  9 11:57:49 2026
    Info: Elapsed time: 00:00:06
    Info: Total CPU time (on all processors): 00:00:06


